// Jest Snapshot v1, https://goo.gl/fbAQLP

exports[`App test suite renders the snapshot 1`] = `
<Fragment>
  <ul
    className="request_ul"
  />
  <ul
    className="following_ul"
  >
    <p
      className="section_headers"
    >
      Following
    </p>
  </ul>
</Fragment>
`;
