// Jest Snapshot v1, https://goo.gl/fbAQLP

exports[`PostsList component renders a .PostsList by default 1`] = `""`;

exports[`PostsList component renders a Post in ul for each posts in array 1`] = `null`;
