// Jest Snapshot v1, https://goo.gl/fbAQLP

exports[`App test suite renders the snapshot 1`] = `""`;
