// Jest Snapshot v1, https://goo.gl/fbAQLP

exports[`AddFolderForm component renders a form.AddFolderForm by default 1`] = `
<Fragment>
  <button
    className="go_back_button"
    onClick={[Function]}
  />
  <div
    className="AddFolder__form_container"
  >
    <form
      className="AddFolder__form"
      onSubmit={[Function]}
    >
      <button
        className="go_back_button"
        onClick={[Function]}
        type="button"
      >
        <FontAwesomeIcon
          border={false}
          className="arrow-alt-circle-left"
          fixedWidth={false}
          flip={null}
          icon="arrow-alt-circle-left"
          inverse={false}
          listItem={false}
          mask={null}
          pull={null}
          pulse={false}
          rotation={null}
          size="3x"
          spin={false}
          swapOpacity={false}
          symbol={false}
          title=""
          transform={null}
        />
      </button>
      <input
        className="AddFolder__input"
        id="post_input_field"
        onChange={[Function]}
        placeholder="folder title"
        type="text"
      />
      <button
        className="AddFolder__button"
        type="submit"
      >
        submit
      </button>
    </form>
  </div>
</Fragment>
`;

exports[`AddFolderForm component renders the AddFolderForm given props 1`] = `
<Fragment>
  <button
    className="go_back_button"
    onClick={[Function]}
  />
  <div
    className="AddFolder__form_container"
  >
    <form
      className="AddFolder__form"
      onSubmit={[Function]}
    >
      <button
        className="go_back_button"
        onClick={[Function]}
        type="button"
      >
        <FontAwesomeIcon
          border={false}
          className="arrow-alt-circle-left"
          fixedWidth={false}
          flip={null}
          icon="arrow-alt-circle-left"
          inverse={false}
          listItem={false}
          mask={null}
          pull={null}
          pulse={false}
          rotation={null}
          size="3x"
          spin={false}
          swapOpacity={false}
          symbol={false}
          title=""
          transform={null}
        />
      </button>
      <input
        className="AddFolder__input"
        id="post_input_field"
        onChange={[Function]}
        placeholder="folder title"
        type="text"
      />
      <button
        className="AddFolder__button"
        type="submit"
      >
        submit
      </button>
    </form>
  </div>
</Fragment>
`;
